------------------------------------------------------------
TimeQuest Timing Analyzer Summary
------------------------------------------------------------

Type  : Slow 1200mV 85C Model Setup 'inclock'
Slack : -34.640
TNS   : -44102.613

Type  : Slow 1200mV 85C Model Hold 'inclock'
Slack : 0.361
TNS   : 0.000

Type  : Slow 1200mV 85C Model Recovery 'inclock'
Slack : -2.513
TNS   : -323.444

Type  : Slow 1200mV 85C Model Removal 'inclock'
Slack : 1.193
TNS   : 0.000

Type  : Slow 1200mV 85C Model Minimum Pulse Width 'inclock'
Slack : -3.000
TNS   : -2951.033

Type  : Slow 1200mV 0C Model Setup 'inclock'
Slack : -31.964
TNS   : -40620.884

Type  : Slow 1200mV 0C Model Hold 'inclock'
Slack : 0.337
TNS   : 0.000

Type  : Slow 1200mV 0C Model Recovery 'inclock'
Slack : -2.196
TNS   : -280.202

Type  : Slow 1200mV 0C Model Removal 'inclock'
Slack : 1.096
TNS   : 0.000

Type  : Slow 1200mV 0C Model Minimum Pulse Width 'inclock'
Slack : -3.000
TNS   : -2946.809

Type  : Fast 1200mV 0C Model Setup 'inclock'
Slack : -16.939
TNS   : -22605.615

Type  : Fast 1200mV 0C Model Hold 'inclock'
Slack : 0.149
TNS   : 0.000

Type  : Fast 1200mV 0C Model Recovery 'inclock'
Slack : -1.220
TNS   : -143.050

Type  : Fast 1200mV 0C Model Removal 'inclock'
Slack : 0.542
TNS   : 0.000

Type  : Fast 1200mV 0C Model Minimum Pulse Width 'inclock'
Slack : -3.000
TNS   : -2347.702

------------------------------------------------------------
